// Jest Snapshot v1, https://goo.gl/fbAQLP

exports[`Should render ProductInfo without errors 1`] = `
<div
  className="productInfo-container"
>
  <h1
    className="product-name"
  >
    Mattress Chipre
  </h1>
  <div
    className="product-stars"
  >
     
    ★ ★ ★ ★ ★
  </div>
  <div
    className="productInfo-body"
  >
    <div
      className="productInfo-left"
    >
      <div
        className="productInfo-image"
      >
        <img
          alt="Mattress Chipre"
          src={
            Object {
              "default": "",
            }
          }
        />
      </div>
      <div
        className="productInfo-description"
      >
        <h1>
          Description
        </h1>
        <ProductCharacteristics
          adaptability={4}
          breathability={5}
          firmness={7}
        />
        <h4
          className="product-title"
        >
          The best ally for the growth of your children
        </h4>
        <p>
          The Cyprus mattress stands out for its...
        </p>
      </div>
    </div>
    <div
      className="productInfo-right"
    >
      <p
        className="productInfo-right-price"
      >
        44
         €
      </p>
      <div>
        <div
          className="productInfo-right-selectorBox"
        >
          <p
            className="productInfo-right-chosseTitle"
          >
            Chosse size:
             
          </p>
          <select
            className="productInfo-right-selector"
          >
            <option
              value="volvo"
            >
              80X180
            </option>
            <option
              value="saab"
            >
              80X190
            </option>
            <option
              value="opel"
            >
              80X200
            </option>
            <option
              value="audi"
            >
              90X180
            </option>
          </select>
        </div>
      </div>
      <button
        className="productInfo-purchaseBox-addButton"
        type="button"
      >
        ADD PRODUCT
      </button>
    </div>
  </div>
</div>
`;
